/eos/project-d/dstau/public/MC/Geant4/hadrons-r86/hadronsg4_r86_FTFP_BERT_10.root
/eos/project-d/dstau/public/MC/Geant4/hadrons-r86/hadronsg4_r86_FTFP_BERT_11.root
/eos/project-d/dstau/public/MC/Geant4/hadrons-r86/hadronsg4_r86_FTFP_BERT_12.root
/eos/project-d/dstau/public/MC/Geant4/hadrons-r86/hadronsg4_r86_FTFP_BERT_13.root
/eos/project-d/dstau/public/MC/Geant4/hadrons-r86/hadronsg4_r86_FTFP_BERT_14.root
/eos/project-d/dstau/public/MC/Geant4/hadrons-r86/hadronsg4_r86_FTFP_BERT_15.root
/eos/project-d/dstau/public/MC/Geant4/hadrons-r86/hadronsg4_r86_FTFP_BERT_16.root
/eos/project-d/dstau/public/MC/Geant4/hadrons-r86/hadronsg4_r86_FTFP_BERT_17.root
/eos/project-d/dstau/public/MC/Geant4/hadrons-r86/hadronsg4_r86_FTFP_BERT_18.root
/eos/project-d/dstau/public/MC/Geant4/hadrons-r86/hadronsg4_r86_FTFP_BERT_19.root
/eos/project-d/dstau/public/MC/Geant4/hadrons-r86/hadronsg4_r86_FTFP_BERT_1.root
/eos/project-d/dstau/public/MC/Geant4/hadrons-r86/hadronsg4_r86_FTFP_BERT_20.root
/eos/project-d/dstau/public/MC/Geant4/hadrons-r86/hadronsg4_r86_FTFP_BERT_21.root
/eos/project-d/dstau/public/MC/Geant4/hadrons-r86/hadronsg4_r86_FTFP_BERT_22.root
/eos/project-d/dstau/public/MC/Geant4/hadrons-r86/hadronsg4_r86_FTFP_BERT_23.root
/eos/project-d/dstau/public/MC/Geant4/hadrons-r86/hadronsg4_r86_FTFP_BERT_24.root
/eos/project-d/dstau/public/MC/Geant4/hadrons-r86/hadronsg4_r86_FTFP_BERT_25.root
/eos/project-d/dstau/public/MC/Geant4/hadrons-r86/hadronsg4_r86_FTFP_BERT_26.root
/eos/project-d/dstau/public/MC/Geant4/hadrons-r86/hadronsg4_r86_FTFP_BERT_27.root
/eos/project-d/dstau/public/MC/Geant4/hadrons-r86/hadronsg4_r86_FTFP_BERT_28.root
/eos/project-d/dstau/public/MC/Geant4/hadrons-r86/hadronsg4_r86_FTFP_BERT_29.root
/eos/project-d/dstau/public/MC/Geant4/hadrons-r86/hadronsg4_r86_FTFP_BERT_2.root
/eos/project-d/dstau/public/MC/Geant4/hadrons-r86/hadronsg4_r86_FTFP_BERT_30.root
/eos/project-d/dstau/public/MC/Geant4/hadrons-r86/hadronsg4_r86_FTFP_BERT_31.root
/eos/project-d/dstau/public/MC/Geant4/hadrons-r86/hadronsg4_r86_FTFP_BERT_32.root
/eos/project-d/dstau/public/MC/Geant4/hadrons-r86/hadronsg4_r86_FTFP_BERT_33.root
/eos/project-d/dstau/public/MC/Geant4/hadrons-r86/hadronsg4_r86_FTFP_BERT_34.root
/eos/project-d/dstau/public/MC/Geant4/hadrons-r86/hadronsg4_r86_FTFP_BERT_35.root
/eos/project-d/dstau/public/MC/Geant4/hadrons-r86/hadronsg4_r86_FTFP_BERT_36.root
/eos/project-d/dstau/public/MC/Geant4/hadrons-r86/hadronsg4_r86_FTFP_BERT_37.root
/eos/project-d/dstau/public/MC/Geant4/hadrons-r86/hadronsg4_r86_FTFP_BERT_38.root
/eos/project-d/dstau/public/MC/Geant4/hadrons-r86/hadronsg4_r86_FTFP_BERT_39.root
/eos/project-d/dstau/public/MC/Geant4/hadrons-r86/hadronsg4_r86_FTFP_BERT_3.root
/eos/project-d/dstau/public/MC/Geant4/hadrons-r86/hadronsg4_r86_FTFP_BERT_40.root
/eos/project-d/dstau/public/MC/Geant4/hadrons-r86/hadronsg4_r86_FTFP_BERT_4.root
/eos/project-d/dstau/public/MC/Geant4/hadrons-r86/hadronsg4_r86_FTFP_BERT_5.root
/eos/project-d/dstau/public/MC/Geant4/hadrons-r86/hadronsg4_r86_FTFP_BERT_6.root
/eos/project-d/dstau/public/MC/Geant4/hadrons-r86/hadronsg4_r86_FTFP_BERT_7.root
/eos/project-d/dstau/public/MC/Geant4/hadrons-r86/hadronsg4_r86_FTFP_BERT_8.root
/eos/project-d/dstau/public/MC/Geant4/hadrons-r86/hadronsg4_r86_FTFP_BERT_9.root
